##
## This is a sample menu.lst file for gumboot.
##

# Video mode, possible settings:
# NTSC, PAL50, PAL60, PROGRESSIVE
#video PROGRESSIVE

splashimage (sd0)/gumboot/splash.ppm

#color NORMAL HIGHLIGHT HELPTEXT HEADING
#color red/blue green/black white/blue white/blue
#color blue/green green/black white/magenta white/magenta
color blue/green green/black white/blue

## timeout 0 means show the menu and do not enable any countdown
timeout 30

## Gumboot-specific option
## do not display the menu and boot directly
## if timeout is non-zero, gives error
## alias of 'hiddenmenu'
#nomenu

default 1

title wii-linux-ngx\nOpen default boot menu
	root (sd0)/gumboot
	kernel /zImage.ngx
	## will save as default if user selects it
	savedefault
	## 'boot' is always implicit, but must be the last line of a menu entry
	boot

title Browse SD
	root (sd0)
	browse

title Bootmii GUI
	root (sd0)
	kernel /bootmii/gui.elf
	boot

title Find and boot zImage\nBoot zImage on any partition where it can be found
	find --set-root /zImage
	kernel /zImage
	boot

title Reboot
	reboot

title Poweroff
	# 'halt' can also be used
	poweroff
